[dotenv@17.3.1] injecting env (12) from .env -- tip: ≡ƒöÉ prevent committing .env to code: https://dotenvx.com/precommit
Starting AI Generation Test...
Using API Key: FOUND
[aiEvaluator] Calling Gemini for domain: Software Engineer
node : [aiEvaluator] 
Gemini Generation 
Error: GoogleGenerative
AIFetchError: 
[GoogleGenerativeAI 
Error]: Error fetching 
from https://generative
language.googleapis.com
/v1beta/models/gemini-1
.5-flash:generateConten
t: [404 Not Found] mode
ls/gemini-1.5-flash is 
not found for API 
version v1beta, or is 
not supported for 
generateContent. Call 
ListModels to see the 
list of available 
models and their 
supported methods.
At line:1 char:1
+ node test_ai.js > 
test_output.txt 2>&1
+ ~~~~~~~~~~~~~~~~~~~~~
~~~~~~~~~~~~~~~~~
    + CategoryInfo     
         : 
NotSpecified: ([ai    
Evaluator] G...ported  
   methods.:String) 
[], R    emoteException
    + 
FullyQualifiedErrorI   
 d : NativeCommandError
 
    at 
handleResponseNotOk (C:
\Users\kavet\Downloads\
Projects\AI-Interview-C
oach\backend\node_modul
es\@google\generative-a
i\dist\index.js:434:11)
    at process.processT
icksAndRejections (node
:internal/process/task_
queues:103:5)
    at async 
makeRequest (C:\Users\k
avet\Downloads\Projects
\AI-Interview-Coach\bac
kend\node_modules\@goog
le\generative-ai\dist\i
ndex.js:403:9)
    at async 
generateContent (C:\Use
rs\kavet\Downloads\Proj
ects\AI-Interview-Coach
\backend\node_modules\@
google\generative-ai\di
st\index.js:867:22)
    at async 
generateQuestions (C:\U
sers\kavet\Downloads\Pr
ojects\AI-Interview-Coa
ch\backend\controllers\
aiEvaluator.js:35:20)
    at async test (C:\U
sers\kavet\Downloads\Pr
ojects\AI-Interview-Coa
ch\backend\test_ai.js:9
:23) {
  status: 404,
  statusText: 'Not 
Found',
  errorDetails: 
undefined
}
TEST FAILED!
Error: Failed to 
generate questions: 
[GoogleGenerativeAI 
Error]: Error fetching 
from https://generative
language.googleapis.com
/v1beta/models/gemini-1
.5-flash:generateConten
t: [404 Not Found] mode
ls/gemini-1.5-flash is 
not found for API 
version v1beta, or is 
not supported for 
generateContent. Call 
ListModels to see the 
list of available 
models and their 
supported methods.
    at 
generateQuestions (C:\U
sers\kavet\Downloads\Pr
ojects\AI-Interview-Coa
ch\backend\controllers\
aiEvaluator.js:72:11)
    at process.processT
icksAndRejections (node
:internal/process/task_
queues:103:5)
    at async test (C:\U
sers\kavet\Downloads\Pr
ojects\AI-Interview-Coa
ch\backend\test_ai.js:9
:23)
